--------------------------------------------------------------------------------
Release 14.7 Trace  (nt64)
Copyright (c) 1995-2013 Xilinx, Inc.  All rights reserved.

C:\Xilinx\14.7\ISE_DS\ISE\bin\nt64\unwrapped\trce.exe -intstyle ise -v 3 -s 3
-n 3 -fastpaths -xml significand.twx significand.ncd -o significand.twr
significand.pcf

Design file:              significand.ncd
Physical constraint file: significand.pcf
Device,package,speed:     xc6slx16,csg324,C,-3 (PRODUCTION 1.23 2013-10-13)
Report level:             verbose report

Environment Variable      Effect 
--------------------      ------ 
NONE                      No environment variables were set
--------------------------------------------------------------------------------

INFO:Timing:2698 - No timing constraints found, doing default enumeration.
INFO:Timing:3412 - To improve timing, see the Timing Closure User Guide (UG612).
INFO:Timing:2752 - To get complete path coverage, use the unconstrained paths 
   option. All paths that are not constrained will be reported in the 
   unconstrained paths section(s) of the report.
INFO:Timing:3339 - The clock-to-out numbers in this timing report are based on 
   a 50 Ohm transmission line loading model.  For the details of this model, 
   and for more information on accounting for different loading conditions, 
   please see the device datasheet.



Data Sheet report:
-----------------
All values displayed in nanoseconds (ns)

Pad to Pad
---------------+---------------+---------+
Source Pad     |Destination Pad|  Delay  |
---------------+---------------+---------+
D<0>           |D_new2<0>      |    7.959|
D<0>           |D_new2<1>      |    7.621|
D<0>           |D_new2<2>      |    7.681|
D<0>           |D_new2<3>      |    7.627|
D<0>           |D_new2<4>      |    7.550|
D<0>           |D_new2<5>      |    8.217|
D<0>           |D_new2<6>      |    7.467|
D<0>           |D_new2<7>      |    7.481|
D<0>           |D_new2<8>      |    8.100|
D<0>           |D_new2<9>      |    7.788|
D<0>           |D_new2<10>     |    7.755|
D<0>           |D_new2<11>     |    8.151|
D<0>           |F<0>           |   13.304|
D<0>           |F<1>           |   13.272|
D<0>           |F<2>           |   13.722|
D<0>           |F<3>           |   13.456|
D<1>           |D_new2<1>      |    7.744|
D<1>           |D_new2<2>      |    7.849|
D<1>           |D_new2<3>      |    7.801|
D<1>           |D_new2<4>      |    7.717|
D<1>           |D_new2<5>      |    8.384|
D<1>           |D_new2<6>      |    7.634|
D<1>           |D_new2<7>      |    7.648|
D<1>           |D_new2<8>      |    8.267|
D<1>           |D_new2<9>      |    7.955|
D<1>           |D_new2<10>     |    7.922|
D<1>           |D_new2<11>     |    8.318|
D<1>           |F<0>           |   13.026|
D<1>           |F<1>           |   12.994|
D<1>           |F<2>           |   13.444|
D<1>           |F<3>           |   13.178|
D<2>           |D_new2<2>      |    7.777|
D<2>           |D_new2<3>      |    7.725|
D<2>           |D_new2<4>      |    7.687|
D<2>           |D_new2<5>      |    8.354|
D<2>           |D_new2<6>      |    7.604|
D<2>           |D_new2<7>      |    7.618|
D<2>           |D_new2<8>      |    8.237|
D<2>           |D_new2<9>      |    7.925|
D<2>           |D_new2<10>     |    7.892|
D<2>           |D_new2<11>     |    8.288|
D<2>           |F<0>           |   12.767|
D<2>           |F<1>           |   12.735|
D<2>           |F<2>           |   13.185|
D<2>           |F<3>           |   12.919|
D<3>           |D_new2<3>      |    7.613|
D<3>           |D_new2<4>      |    7.577|
D<3>           |D_new2<5>      |    8.244|
D<3>           |D_new2<6>      |    7.494|
D<3>           |D_new2<7>      |    7.508|
D<3>           |D_new2<8>      |    8.127|
D<3>           |D_new2<9>      |    7.815|
D<3>           |D_new2<10>     |    7.782|
D<3>           |D_new2<11>     |    8.178|
D<3>           |F<0>           |   12.843|
D<3>           |F<1>           |   12.811|
D<3>           |F<2>           |   13.261|
D<3>           |F<3>           |   12.995|
D<4>           |D_new2<4>      |    8.080|
D<4>           |D_new2<5>      |    8.719|
D<4>           |D_new2<6>      |    8.058|
D<4>           |D_new2<7>      |    8.089|
D<4>           |D_new2<8>      |    8.749|
D<4>           |D_new2<9>      |    8.437|
D<4>           |D_new2<10>     |    8.404|
D<4>           |D_new2<11>     |    8.800|
D<4>           |F<0>           |   13.235|
D<4>           |F<1>           |   13.203|
D<4>           |F<2>           |   13.653|
D<4>           |F<3>           |   13.387|
D<5>           |D_new2<5>      |    8.453|
D<5>           |D_new2<6>      |    7.837|
D<5>           |D_new2<7>      |    7.874|
D<5>           |D_new2<8>      |    8.527|
D<5>           |D_new2<9>      |    8.215|
D<5>           |D_new2<10>     |    8.182|
D<5>           |D_new2<11>     |    8.578|
D<5>           |F<0>           |   13.070|
D<5>           |F<1>           |   13.038|
D<5>           |F<2>           |   13.488|
D<5>           |F<3>           |   13.222|
D<6>           |D_new2<6>      |    8.128|
D<6>           |D_new2<7>      |    8.161|
D<6>           |D_new2<8>      |    8.860|
D<6>           |D_new2<9>      |    8.548|
D<6>           |D_new2<10>     |    8.515|
D<6>           |D_new2<11>     |    8.911|
D<6>           |F<0>           |   13.204|
D<6>           |F<1>           |   13.172|
D<6>           |F<2>           |   13.622|
D<6>           |F<3>           |   13.356|
D<7>           |D_new2<7>      |    7.690|
D<7>           |D_new2<8>      |    8.391|
D<7>           |D_new2<9>      |    8.079|
D<7>           |D_new2<10>     |    8.046|
D<7>           |D_new2<11>     |    8.442|
D<7>           |F<0>           |   13.304|
D<7>           |F<1>           |   13.272|
D<7>           |F<2>           |   13.722|
D<7>           |F<3>           |   13.456|
D<8>           |D_new2<8>      |    8.584|
D<8>           |D_new2<9>      |    8.244|
D<8>           |D_new2<10>     |    8.300|
D<8>           |D_new2<11>     |    8.713|
D<8>           |F<0>           |   13.026|
D<8>           |F<1>           |   12.994|
D<8>           |F<2>           |   13.444|
D<8>           |F<3>           |   13.178|
D<9>           |D_new2<9>      |    8.222|
D<9>           |D_new2<10>     |    8.323|
D<9>           |D_new2<11>     |    8.742|
D<9>           |F<0>           |   13.208|
D<9>           |F<1>           |   13.176|
D<9>           |F<2>           |   13.626|
D<9>           |F<3>           |   13.360|
D<10>          |D_new2<10>     |    7.991|
D<10>          |D_new2<11>     |    8.406|
D<10>          |F<0>           |   13.219|
D<10>          |F<1>           |   13.187|
D<10>          |F<2>           |   13.637|
D<10>          |F<3>           |   13.371|
D<11>          |D_new2<0>      |    7.499|
D<11>          |D_new2<1>      |    7.813|
D<11>          |D_new2<2>      |    7.604|
D<11>          |D_new2<3>      |    7.809|
D<11>          |D_new2<4>      |    7.461|
D<11>          |D_new2<5>      |    7.985|
D<11>          |D_new2<6>      |    7.562|
D<11>          |D_new2<7>      |    7.406|
D<11>          |D_new2<8>      |    7.616|
D<11>          |D_new2<9>      |    7.068|
D<11>          |D_new2<10>     |    7.549|
D<11>          |D_new2<11>     |    8.598|
D<11>          |F<0>           |   12.536|
D<11>          |F<1>           |   12.504|
D<11>          |F<2>           |   12.954|
D<11>          |F<3>           |   12.688|
---------------+---------------+---------+


Analysis completed Thu Apr 21 11:58:23 2022 
--------------------------------------------------------------------------------

Trace Settings:
-------------------------
Trace Settings 

Peak Memory Usage: 4573 MB



