Release 14.7 - xst P.20131013 (nt64)
Copyright (c) 1995-2013 Xilinx, Inc.  All rights reserved.
--> Parameter TMPDIR set to xst/projnav.tmp


Total REAL time to Xst completion: 0.00 secs
Total CPU time to Xst completion: 0.16 secs
 
--> Parameter xsthdpdir set to xst


Total REAL time to Xst completion: 0.00 secs
Total CPU time to Xst completion: 0.16 secs
 
--> Reading design: significand.prj

TABLE OF CONTENTS
  1) Synthesis Options Summary
  2) HDL Parsing
  3) HDL Elaboration
  4) HDL Synthesis
       4.1) HDL Synthesis Report
  5) Advanced HDL Synthesis
       5.1) Advanced HDL Synthesis Report
  6) Low Level Synthesis
  7) Partition Report
  8) Design Summary
       8.1) Primitive and Black Box Usage
       8.2) Device utilization summary
       8.3) Partition Resource Summary
       8.4) Timing Report
            8.4.1) Clock Information
            8.4.2) Asynchronous Control Signals Information
            8.4.3) Timing Summary
            8.4.4) Timing Details
            8.4.5) Cross Clock Domains Report


=========================================================================
*                      Synthesis Options Summary                        *
=========================================================================
---- Source Parameters
Input File Name                    : "significand.prj"
Ignore Synthesis Constraint File   : NO

---- Target Parameters
Output File Name                   : "significand"
Output Format                      : NGC
Target Device                      : xc6slx16-3-csg324

---- Source Options
Top Module Name                    : significand
Automatic FSM Extraction           : YES
FSM Encoding Algorithm             : Auto
Safe Implementation                : No
FSM Style                          : LUT
RAM Extraction                     : Yes
RAM Style                          : Auto
ROM Extraction                     : Yes
Shift Register Extraction          : YES
ROM Style                          : Auto
Resource Sharing                   : YES
Asynchronous To Synchronous        : NO
Shift Register Minimum Size        : 2
Use DSP Block                      : Auto
Automatic Register Balancing       : No

---- Target Options
LUT Combining                      : Auto
Reduce Control Sets                : Auto
Add IO Buffers                     : YES
Global Maximum Fanout              : 100000
Add Generic Clock Buffer(BUFG)     : 16
Register Duplication               : YES
Optimize Instantiated Primitives   : NO
Use Clock Enable                   : Auto
Use Synchronous Set                : Auto
Use Synchronous Reset              : Auto
Pack IO Registers into IOBs        : Auto
Equivalent register Removal        : YES

---- General Options
Optimization Goal                  : Speed
Optimization Effort                : 1
Power Reduction                    : NO
Keep Hierarchy                     : No
Netlist Hierarchy                  : As_Optimized
RTL Output                         : Yes
Global Optimization                : AllClockNets
Read Cores                         : YES
Write Timing Constraints           : NO
Cross Clock Analysis               : NO
Hierarchy Separator                : /
Bus Delimiter                      : <>
Case Specifier                     : Maintain
Slice Utilization Ratio            : 100
BRAM Utilization Ratio             : 100
DSP48 Utilization Ratio            : 100
Auto BRAM Packing                  : NO
Slice Utilization Ratio Delta      : 5

=========================================================================


=========================================================================
*                          HDL Parsing                                  *
=========================================================================
Analyzing Verilog file "C:\Users\Student\Desktop\section6\lab2\sign.v" into library work
Parsing module <sign>.
Analyzing Verilog file "C:\Users\Student\Desktop\section6\lab2\exponent.v" into library work
Parsing module <exponent>.
Analyzing Verilog file "C:\Users\Student\Desktop\section6\lab2\significand.v" into library work
Parsing module <significand>.

=========================================================================
*                            HDL Elaboration                            *
=========================================================================

Elaborating module <significand>.

Elaborating module <sign>.
WARNING:HDLCompiler:413 - "C:\Users\Student\Desktop\section6\lab2\sign.v" Line 35: Result of 32-bit expression is truncated to fit in 12-bit target.
WARNING:HDLCompiler:1127 - "C:\Users\Student\Desktop\section6\lab2\significand.v" Line 33: Assignment to sgn ignored, since the identifier is never used

Elaborating module <exponent>.
WARNING:HDLCompiler:1127 - "C:\Users\Student\Desktop\section6\lab2\exponent.v" Line 31: Assignment to sgn ignored, since the identifier is never used
WARNING:HDLCompiler:91 - "C:\Users\Student\Desktop\section6\lab2\exponent.v" Line 36: Signal <D_new> missing in the sensitivity list is added for synthesis purposes. HDL and post-synthesis simulations may differ as a result.
WARNING:HDLCompiler:91 - "C:\Users\Student\Desktop\section6\lab2\exponent.v" Line 42: Signal <D_new> missing in the sensitivity list is added for synthesis purposes. HDL and post-synthesis simulations may differ as a result.
WARNING:HDLCompiler:91 - "C:\Users\Student\Desktop\section6\lab2\exponent.v" Line 48: Signal <D_new> missing in the sensitivity list is added for synthesis purposes. HDL and post-synthesis simulations may differ as a result.
WARNING:HDLCompiler:91 - "C:\Users\Student\Desktop\section6\lab2\exponent.v" Line 54: Signal <D_new> missing in the sensitivity list is added for synthesis purposes. HDL and post-synthesis simulations may differ as a result.
WARNING:HDLCompiler:91 - "C:\Users\Student\Desktop\section6\lab2\exponent.v" Line 60: Signal <D_new> missing in the sensitivity list is added for synthesis purposes. HDL and post-synthesis simulations may differ as a result.
WARNING:HDLCompiler:91 - "C:\Users\Student\Desktop\section6\lab2\exponent.v" Line 66: Signal <D_new> missing in the sensitivity list is added for synthesis purposes. HDL and post-synthesis simulations may differ as a result.
WARNING:HDLCompiler:91 - "C:\Users\Student\Desktop\section6\lab2\exponent.v" Line 72: Signal <D_new> missing in the sensitivity list is added for synthesis purposes. HDL and post-synthesis simulations may differ as a result.
WARNING:HDLCompiler:1127 - "C:\Users\Student\Desktop\section6\lab2\significand.v" Line 34: Assignment to E ignored, since the identifier is never used
"C:\Users\Student\Desktop\section6\lab2\significand.v" Line 46. $display 1'b.
"C:\Users\Student\Desktop\section6\lab2\significand.v" Line 47. $display 1'b.
"C:\Users\Student\Desktop\section6\lab2\significand.v" Line 49. $display 1'b.
"C:\Users\Student\Desktop\section6\lab2\significand.v" Line 50. $display 1'b.
"C:\Users\Student\Desktop\section6\lab2\significand.v" Line 52. $display 1'b.
"C:\Users\Student\Desktop\section6\lab2\significand.v" Line 53. $display 1'b.
"C:\Users\Student\Desktop\section6\lab2\significand.v" Line 55. $display 1'b.
"C:\Users\Student\Desktop\section6\lab2\significand.v" Line 56. $display 1'b.
"C:\Users\Student\Desktop\section6\lab2\significand.v" Line 59. $display \n
WARNING:HDLCompiler:1127 - "C:\Users\Student\Desktop\section6\lab2\significand.v" Line 38: Assignment to round ignored, since the identifier is never used

=========================================================================
*                           HDL Synthesis                               *
=========================================================================

Synthesizing Unit <significand>.
    Related source file is "C:\Users\Student\Desktop\section6\lab2\significand.v".
INFO:Xst:3210 - "C:\Users\Student\Desktop\section6\lab2\significand.v" line 33: Output port <sgn> of the instance <s1> is unconnected or connected to loadless signal.
INFO:Xst:3210 - "C:\Users\Student\Desktop\section6\lab2\significand.v" line 34: Output port <E> of the instance <e1> is unconnected or connected to loadless signal.
    Found 5-bit subtractor for signal <GND_1_o_GND_1_o_sub_1_OUT> created at line 40.
    Found 4-bit subtractor for signal <GND_1_o_GND_1_o_sub_6_OUT<3:0>> created at line 48.
    Found 4-bit subtractor for signal <GND_1_o_GND_1_o_sub_12_OUT<3:0>> created at line 51.
    Found 4-bit subtractor for signal <GND_1_o_GND_1_o_sub_18_OUT<3:0>> created at line 54.
    Found 1-bit 12-to-1 multiplexer for signal <F<3>> created at line 45.
    Found 1-bit 12-to-1 multiplexer for signal <F<2>> created at line 48.
    Found 1-bit 12-to-1 multiplexer for signal <F<1>> created at line 51.
    Found 1-bit 12-to-1 multiplexer for signal <F<0>> created at line 54.
    Summary:
	inferred   4 Adder/Subtractor(s).
	inferred   4 Multiplexer(s).
Unit <significand> synthesized.

Synthesizing Unit <sign>.
    Related source file is "C:\Users\Student\Desktop\section6\lab2\sign.v".
    Found 32-bit adder for signal <n0007> created at line 35.
    Summary:
	inferred   1 Adder/Subtractor(s).
	inferred   1 Multiplexer(s).
Unit <sign> synthesized.

Synthesizing Unit <exponent>.
    Related source file is "C:\Users\Student\Desktop\section6\lab2\exponent.v".
INFO:Xst:3210 - "C:\Users\Student\Desktop\section6\lab2\exponent.v" line 31: Output port <sgn> of the instance <s1> is unconnected or connected to loadless signal.
    Summary:
	inferred  12 Multiplexer(s).
Unit <exponent> synthesized.

=========================================================================
HDL Synthesis Report

Macro Statistics
# Adders/Subtractors                                   : 6
 32-bit adder                                          : 2
 4-bit subtractor                                      : 3
 5-bit subtractor                                      : 1
# Multiplexers                                         : 18
 1-bit 12-to-1 multiplexer                             : 4
 12-bit 2-to-1 multiplexer                             : 2
 3-bit 2-to-1 multiplexer                              : 6
 4-bit 2-to-1 multiplexer                              : 6

=========================================================================

=========================================================================
*                       Advanced HDL Synthesis                          *
=========================================================================


=========================================================================
Advanced HDL Synthesis Report

Macro Statistics
# Adders/Subtractors                                   : 6
 12-bit adder                                          : 2
 4-bit subtractor                                      : 4
# Multiplexers                                         : 18
 1-bit 12-to-1 multiplexer                             : 4
 12-bit 2-to-1 multiplexer                             : 2
 3-bit 2-to-1 multiplexer                              : 6
 4-bit 2-to-1 multiplexer                              : 6

=========================================================================

=========================================================================
*                         Low Level Synthesis                           *
=========================================================================

Optimizing unit <significand> ...

Mapping all equations...
Building and optimizing final netlist ...
Found area constraint ratio of 100 (+ 5) on block significand, actual ratio is 1.

Final Macro Processing ...

=========================================================================
Final Register Report

Found no macro
=========================================================================

=========================================================================
*                           Partition Report                            *
=========================================================================

Partition Implementation Status
-------------------------------

  No Partitions were found in this design.

-------------------------------

=========================================================================
*                            Design Summary                             *
=========================================================================

Top Level Output File Name         : significand.ngc

Primitive and Black Box Usage:
------------------------------
# BELS                             : 120
#      GND                         : 1
#      INV                         : 22
#      LUT1                        : 2
#      LUT2                        : 3
#      LUT3                        : 13
#      LUT4                        : 3
#      LUT5                        : 7
#      LUT6                        : 21
#      MUXCY                       : 22
#      MUXF7                       : 5
#      VCC                         : 1
#      XORCY                       : 20
# IO Buffers                       : 28
#      IBUF                        : 12
#      OBUF                        : 16

Device utilization summary:
---------------------------

Selected Device : 6slx16csg324-3 


Slice Logic Utilization: 
 Number of Slice LUTs:                   71  out of   9112     0%  
    Number used as Logic:                71  out of   9112     0%  

Slice Logic Distribution: 
 Number of LUT Flip Flop pairs used:     71
   Number with an unused Flip Flop:      71  out of     71   100%  
   Number with an unused LUT:             0  out of     71     0%  
   Number of fully used LUT-FF pairs:     0  out of     71     0%  
   Number of unique control sets:         0

IO Utilization: 
 Number of IOs:                          28
 Number of bonded IOBs:                  28  out of    232    12%  

Specific Feature Utilization:

---------------------------
Partition Resource Summary:
---------------------------

  No Partitions were found in this design.

---------------------------


=========================================================================
Timing Report

NOTE: THESE TIMING NUMBERS ARE ONLY A SYNTHESIS ESTIMATE.
      FOR ACCURATE TIMING INFORMATION PLEASE REFER TO THE TRACE REPORT
      GENERATED AFTER PLACE-and-ROUTE.

Clock Information:
------------------
No clock signals found in this design

Asynchronous Control Signals Information:
----------------------------------------
No asynchronous control signals found in this design

Timing Summary:
---------------
Speed Grade: -3

   Minimum period: No path found
   Minimum input arrival time before clock: No path found
   Maximum output required time after clock: No path found
   Maximum combinational path delay: 13.547ns

Timing Details:
---------------
All values displayed in nanoseconds (ns)

=========================================================================
Timing constraint: Default path analysis
  Total number of paths / destination ports: 7095 / 16
-------------------------------------------------------------------------
Delay:               13.547ns (Levels of Logic = 22)
  Source:            D<0> (PAD)
  Destination:       F<2> (PAD)

  Data Path: D<0> to F<2>
                                Gate     Net
    Cell:in->out      fanout   Delay   Delay  Logical Name (Net Name)
    ----------------------------------------  ------------
     IBUF:I->O             3   1.222   0.651  D_0_IBUF (D_0_IBUF)
     LUT1:I0->O            1   0.205   0.000  e1/s1/Madd_n0007_Madd_cy<0>_rt (e1/s1/Madd_n0007_Madd_cy<0>_rt)
     MUXCY:S->O            1   0.172   0.000  e1/s1/Madd_n0007_Madd_cy<0> (e1/s1/Madd_n0007_Madd_cy<0>)
     MUXCY:CI->O           1   0.019   0.000  e1/s1/Madd_n0007_Madd_cy<1> (e1/s1/Madd_n0007_Madd_cy<1>)
     MUXCY:CI->O           1   0.019   0.000  e1/s1/Madd_n0007_Madd_cy<2> (e1/s1/Madd_n0007_Madd_cy<2>)
     MUXCY:CI->O           1   0.019   0.000  e1/s1/Madd_n0007_Madd_cy<3> (e1/s1/Madd_n0007_Madd_cy<3>)
     MUXCY:CI->O           1   0.019   0.000  e1/s1/Madd_n0007_Madd_cy<4> (e1/s1/Madd_n0007_Madd_cy<4>)
     MUXCY:CI->O           1   0.019   0.000  e1/s1/Madd_n0007_Madd_cy<5> (e1/s1/Madd_n0007_Madd_cy<5>)
     MUXCY:CI->O           1   0.019   0.000  e1/s1/Madd_n0007_Madd_cy<6> (e1/s1/Madd_n0007_Madd_cy<6>)
     MUXCY:CI->O           1   0.019   0.000  e1/s1/Madd_n0007_Madd_cy<7> (e1/s1/Madd_n0007_Madd_cy<7>)
     MUXCY:CI->O           1   0.019   0.000  e1/s1/Madd_n0007_Madd_cy<8> (e1/s1/Madd_n0007_Madd_cy<8>)
     MUXCY:CI->O           1   0.019   0.000  e1/s1/Madd_n0007_Madd_cy<9> (e1/s1/Madd_n0007_Madd_cy<9>)
     XORCY:CI->O           2   0.180   0.617  e1/s1/Madd_n0007_Madd_xor<10> (e1/s1/n0007<10>)
     LUT3:I2->O            7   0.205   1.138  e1/s1/Mmux_D_new11 (e1/D_new<10>)
     LUT6:I0->O            8   0.203   0.907  e1/D_new[11]_GND_3_o_equal_1_o<11>11 (e1/D_new[11]_GND_3_o_equal_1_o<11>1)
     LUT2:I0->O            5   0.203   1.079  e1/D_new[11]_GND_3_o_equal_1_o<11>3 (Msub_GND_1_o_GND_1_o_sub_1_OUT_Madd_lut<3>)
     LUT6:I0->O           11   0.203   0.987  e1/Mmux_num_zeros13 (num_zeros<0>)
     LUT6:I4->O            1   0.203   0.579  Msub_GND_1_o_GND_1_o_sub_6_OUT<3:0>_xor<2>11 (GND_1_o_GND_1_o_sub_6_OUT<2>)
     MUXF7:S->O            2   0.148   0.981  Mmux_F<2>_5_f7 (Mmux_F<2>_5_f7)
     LUT6:I0->O            1   0.203   0.000  GND_1_o_GND_1_o_sub_6_OUT<3>4_G (N13)
     MUXF7:I1->O           1   0.140   0.579  GND_1_o_GND_1_o_sub_6_OUT<3>4 (F_2_OBUF)
     OBUF:I->O                 2.571          F_2_OBUF (F<2>)
    ----------------------------------------
    Total                     13.547ns (6.029ns logic, 7.518ns route)
                                       (44.5% logic, 55.5% route)

=========================================================================

Cross Clock Domains Report:
--------------------------

=========================================================================


Total REAL time to Xst completion: 5.00 secs
Total CPU time to Xst completion: 5.46 secs
 
--> 

Total memory usage is 4486168 kilobytes

Number of errors   :    0 (   0 filtered)
Number of warnings :   12 (   0 filtered)
Number of infos    :    3 (   0 filtered)

